// Jest Snapshot v1, https://goo.gl/fbAQLP

exports[`Button Basic button with text 1`] = `
<button
  className="button"
  onClick={[Function]}
  style={
    Object {
      "background": "linear-gradient(-45deg, #fbc8d4 30%, #d8a3fd 70%)",
      "fontSize": "16px",
    }
  }
>
  <span>
    Button
  </span>
</button>
`;
