// Jest Snapshot v1, https://goo.gl/fbAQLP

exports[`LazyBlurImage LazyBlurImage renders without crash 1`] = `
<div
  className="blur-image-container "
  style={
    Object {
      "height": "auto",
      "width": undefined,
    }
  }
>
  <img
    alt="hehe"
    className=" blur-thumb-image"
    src="http://bucket-1252761181.costj.myqcloud.com/desktop-mini.jpg"
    style={
      Object {
        "filter": "blur(NaNpx)",
        "height": "auto",
        "visibility": undefined,
        "width": "100%",
      }
    }
  />
</div>
`;
